// Jest Snapshot v1, https://goo.gl/fbAQLP

exports[`Details tests Should match the snapshot 1`] = `
ShallowWrapper {
  "length": 1,
  Symbol(enzyme.__root__): [Circular],
  Symbol(enzyme.__unrendered__): <Details
    history={
      Object {
        "goBack": [MockFunction],
      }
    }
    selectedPhoto={
      Object {
        "categories": Array [],
        "color": "#DF8A65",
        "created_at": "2017-07-20T02:21:08-04:00",
        "current_user_collections": Array [],
        "description": "A highway road through rocky cliffs at Valley of Fire State Park",
        "height": 5472,
        "id": "tMzCrBkM99Y",
        "liked_by_user": false,
        "likes": 2306,
        "links": Object {
          "download": "https://unsplash.com/photos/tMzCrBkM99Y/download",
          "download_location": "https://api.unsplash.com/photos/tMzCrBkM99Y/download",
          "html": "https://unsplash.com/photos/tMzCrBkM99Y",
          "self": "https://api.unsplash.com/photos/tMzCrBkM99Y",
        },
        "sponsored": false,
        "updated_at": "2017-11-01T15:04:31-04:00",
        "urls": Object {
          "full": "https://images.unsplash.com/photo-1500530855697-b586d89ba3ee?ixlib=rb-0.3.5&q=85&fm=jpg&crop=entropy&cs=srgb&ixid=eyJhcHBfaWQiOjIyNDUyfQ&s=b09cf725577ce730f9f8323a6a17037d",
          "raw": "https://images.unsplash.com/photo-1500530855697-b586d89ba3ee?ixlib=rb-0.3.5&ixid=eyJhcHBfaWQiOjIyNDUyfQ&s=8da1e8ea486b7798563909d68f9f0978",
          "regular": "https://images.unsplash.com/photo-1500530855697-b586d89ba3ee?ixlib=rb-0.3.5&q=80&fm=jpg&crop=entropy&cs=tinysrgb&w=1080&fit=max&ixid=eyJhcHBfaWQiOjIyNDUyfQ&s=b29adb2b9778dbc6782f49370e3e3bcf",
          "small": "https://images.unsplash.com/photo-1500530855697-b586d89ba3ee?ixlib=rb-0.3.5&q=80&fm=jpg&crop=entropy&cs=tinysrgb&w=400&fit=max&ixid=eyJhcHBfaWQiOjIyNDUyfQ&s=bb51a2166a2929a330177532df56bd95",
          "thumb": "https://images.unsplash.com/photo-1500530855697-b586d89ba3ee?ixlib=rb-0.3.5&q=80&fm=jpg&crop=entropy&cs=tinysrgb&w=200&fit=max&ixid=eyJhcHBfaWQiOjIyNDUyfQ&s=e713f9e40adacbd68dac2789f33daecd",
        },
        "user": Object {
          "bio": "Top 100 Most Downloaded Photos of the Year 2017 |
    Editorâ€™s Choice Top 100 Photos of the Year 2017 |
    Follow my adventures on Instagram: @jakeblucker",
          "first_name": "Jake",
          "id": "Ev2n9fB9hXc",
          "instagram_username": "jakeblucker",
          "last_name": "Blucker",
          "links": Object {
            "followers": "https://api.unsplash.com/users/jakeblucker/followers",
            "following": "https://api.unsplash.com/users/jakeblucker/following",
            "html": "https://unsplash.com/@jakeblucker",
            "likes": "https://api.unsplash.com/users/jakeblucker/likes",
            "photos": "https://api.unsplash.com/users/jakeblucker/photos",
            "portfolio": "https://api.unsplash.com/users/jakeblucker/portfolio",
            "self": "https://api.unsplash.com/users/jakeblucker",
          },
          "location": null,
          "name": "Jake Blicker",
          "portfolio_url": null,
          "profile_image": Object {
            "large": "https://images.unsplash.com/profile-1516312729390-1fb554b25f8b?ixlib=rb-0.3.5&q=80&fm=jpg&crop=faces&cs=tinysrgb&fit=crop&h=128&w=128&s=ead1dab7076e5e3eea6b696f2fc25580",
            "medium": "https://images.unsplash.com/profile-1516312729390-1fb554b25f8b?ixlib=rb-0.3.5&q=80&fm=jpg&crop=faces&cs=tinysrgb&fit=crop&h=64&w=64&s=c354801257e2365fda630ae3fea7a155",
            "small": "https://images.unsplash.com/profile-1516312729390-1fb554b25f8b?ixlib=rb-0.3.5&q=80&fm=jpg&crop=faces&cs=tinysrgb&fit=crop&h=32&w=32&s=f4f2a9a39c5fa6e03de2ee43829b4dda",
          },
          "total_collections": 0,
          "total_likes": 33,
          "total_photos": 11,
          "twitter_username": "JakeBlucker",
          "updated_at": "2018-03-11T03:35:48-04:00",
          "username": "jakeblucker",
        },
        "width": 3648,
      }
    }
  />,
  Symbol(enzyme.__renderer__): Object {
    "batchedUpdates": [Function],
    "getNode": [Function],
    "render": [Function],
    "simulateEvent": [Function],
    "unmount": [Function],
  },
  Symbol(enzyme.__node__): Object {
    "instance": null,
    "key": undefined,
    "nodeType": "host",
    "props": Object {
      "children": Array [
        <svg
          className="close-icon"
          onClick={[Function]}
          viewBox="0 0 17.99 17.99"
        >
          <rect
            height="24.44"
            transform="translate(-3.73 8.99) rotate(-45)"
            width="1"
            x="8.5"
            y="-3.22"
          />
          <rect
            height="24.43"
            transform="translate(8.99 -3.73) rotate(45)"
            width="1"
            x="8.5"
            y="-3.21"
          />
        </svg>,
        <div
          className="wrapper"
        >
          <div
            className="loader"
          >
            <div />
            <div />
            <div />
            <div />
          </div>
          <picture>
            <source
              media="(max-width: 1260px)"
              srcSet="https://images.unsplash.com/photo-1500530855697-b586d89ba3ee?ixlib=rb-0.3.5&q=80&fm=jpg&crop=entropy&cs=tinysrgb&w=1080&fit=max&ixid=eyJhcHBfaWQiOjIyNDUyfQ&s=b29adb2b9778dbc6782f49370e3e3bcf"
            />
            <img
              alt="A highway road through rocky cliffs at Valley of Fire State Park"
              className="selected-image"
              onLoad={[Function]}
              src="https://images.unsplash.com/photo-1500530855697-b586d89ba3ee?ixlib=rb-0.3.5&q=85&fm=jpg&crop=entropy&cs=srgb&ixid=eyJhcHBfaWQiOjIyNDUyfQ&s=b09cf725577ce730f9f8323a6a17037d"
            />
          </picture>
          <a
            className="user-wrapper"
            href="https://unsplash.com/@jakeblucker"
            target="_blank"
          >
            <img
              alt="@jakeblucker"
              className="user-image"
              src="https://images.unsplash.com/profile-1516312729390-1fb554b25f8b?ixlib=rb-0.3.5&q=80&fm=jpg&crop=faces&cs=tinysrgb&fit=crop&h=128&w=128&s=ead1dab7076e5e3eea6b696f2fc25580"
            />
            <h2
              className="fullname"
            >
              Jake Blicker
            </h2>
            <h3
              className="username"
            >
              @jakeblucker
            </h3>
          </a>
        </div>,
        <span
          className="location-wrapper"
        >
          <svg
            className="location-icon"
            height="20"
            viewBox="0 0 15 20"
            width="15"
          >
            <path
              d="M 7.5 0C 3.3125 0 0 3.3125 0 7.5C 0 12.875 5.375 18.3125 7 19.8125C 7.25 20.0625 7.6875 20.0625 7.9375 19.8125C 9.625 18.3125 15 12.875 15 7.5C 15 3.3125 11.6875 0 7.5 0ZM 7.5 11.25C 5.4375 11.25 3.75 9.5625 3.75 7.5C 3.75 5.4375 5.4375 3.75 7.5 3.75C 9.5625 3.75 11.25 5.4375 11.25 7.5C 11.25 9.5625 9.5625 11.25 7.5 11.25Z"
            />
          </svg>
          <h4
            className="location"
          >
            None Listed
          </h4>
        </span>,
      ],
      "className": "Details",
    },
    "ref": null,
    "rendered": Array [
      Object {
        "instance": null,
        "key": undefined,
        "nodeType": "host",
        "props": Object {
          "children": Array [
            <rect
              height="24.44"
              transform="translate(-3.73 8.99) rotate(-45)"
              width="1"
              x="8.5"
              y="-3.22"
            />,
            <rect
              height="24.43"
              transform="translate(8.99 -3.73) rotate(45)"
              width="1"
              x="8.5"
              y="-3.21"
            />,
          ],
          "className": "close-icon",
          "onClick": [Function],
          "viewBox": "0 0 17.99 17.99",
        },
        "ref": null,
        "rendered": Array [
          Object {
            "instance": null,
            "key": undefined,
            "nodeType": "host",
            "props": Object {
              "height": "24.44",
              "transform": "translate(-3.73 8.99) rotate(-45)",
              "width": "1",
              "x": "8.5",
              "y": "-3.22",
            },
            "ref": null,
            "rendered": null,
            "type": "rect",
          },
          Object {
            "instance": null,
            "key": undefined,
            "nodeType": "host",
            "props": Object {
              "height": "24.43",
              "transform": "translate(8.99 -3.73) rotate(45)",
              "width": "1",
              "x": "8.5",
              "y": "-3.21",
            },
            "ref": null,
            "rendered": null,
            "type": "rect",
          },
        ],
        "type": "svg",
      },
      Object {
        "instance": null,
        "key": undefined,
        "nodeType": "host",
        "props": Object {
          "children": Array [
            <div
              className="loader"
            >
              <div />
              <div />
              <div />
              <div />
            </div>,
            <picture>
              <source
                media="(max-width: 1260px)"
                srcSet="https://images.unsplash.com/photo-1500530855697-b586d89ba3ee?ixlib=rb-0.3.5&q=80&fm=jpg&crop=entropy&cs=tinysrgb&w=1080&fit=max&ixid=eyJhcHBfaWQiOjIyNDUyfQ&s=b29adb2b9778dbc6782f49370e3e3bcf"
              />
              <img
                alt="A highway road through rocky cliffs at Valley of Fire State Park"
                className="selected-image"
                onLoad={[Function]}
                src="https://images.unsplash.com/photo-1500530855697-b586d89ba3ee?ixlib=rb-0.3.5&q=85&fm=jpg&crop=entropy&cs=srgb&ixid=eyJhcHBfaWQiOjIyNDUyfQ&s=b09cf725577ce730f9f8323a6a17037d"
              />
            </picture>,
            <a
              className="user-wrapper"
              href="https://unsplash.com/@jakeblucker"
              target="_blank"
            >
              <img
                alt="@jakeblucker"
                className="user-image"
                src="https://images.unsplash.com/profile-1516312729390-1fb554b25f8b?ixlib=rb-0.3.5&q=80&fm=jpg&crop=faces&cs=tinysrgb&fit=crop&h=128&w=128&s=ead1dab7076e5e3eea6b696f2fc25580"
              />
              <h2
                className="fullname"
              >
                Jake Blicker
              </h2>
              <h3
                className="username"
              >
                @jakeblucker
              </h3>
            </a>,
          ],
          "className": "wrapper",
        },
        "ref": null,
        "rendered": Array [
          Object {
            "instance": null,
            "key": undefined,
            "nodeType": "host",
            "props": Object {
              "children": Array [
                <div />,
                <div />,
                <div />,
                <div />,
              ],
              "className": "loader",
            },
            "ref": null,
            "rendered": Array [
              Object {
                "instance": null,
                "key": undefined,
                "nodeType": "host",
                "props": Object {},
                "ref": null,
                "rendered": null,
                "type": "div",
              },
              Object {
                "instance": null,
                "key": undefined,
                "nodeType": "host",
                "props": Object {},
                "ref": null,
                "rendered": null,
                "type": "div",
              },
              Object {
                "instance": null,
                "key": undefined,
                "nodeType": "host",
                "props": Object {},
                "ref": null,
                "rendered": null,
                "type": "div",
              },
              Object {
                "instance": null,
                "key": undefined,
                "nodeType": "host",
                "props": Object {},
                "ref": null,
                "rendered": null,
                "type": "div",
              },
            ],
            "type": "div",
          },
          Object {
            "instance": null,
            "key": undefined,
            "nodeType": "host",
            "props": Object {
              "children": Array [
                <source
                  media="(max-width: 1260px)"
                  srcSet="https://images.unsplash.com/photo-1500530855697-b586d89ba3ee?ixlib=rb-0.3.5&q=80&fm=jpg&crop=entropy&cs=tinysrgb&w=1080&fit=max&ixid=eyJhcHBfaWQiOjIyNDUyfQ&s=b29adb2b9778dbc6782f49370e3e3bcf"
                />,
                <img
                  alt="A highway road through rocky cliffs at Valley of Fire State Park"
                  className="selected-image"
                  onLoad={[Function]}
                  src="https://images.unsplash.com/photo-1500530855697-b586d89ba3ee?ixlib=rb-0.3.5&q=85&fm=jpg&crop=entropy&cs=srgb&ixid=eyJhcHBfaWQiOjIyNDUyfQ&s=b09cf725577ce730f9f8323a6a17037d"
                />,
              ],
            },
            "ref": null,
            "rendered": Array [
              Object {
                "instance": null,
                "key": undefined,
                "nodeType": "host",
                "props": Object {
                  "media": "(max-width: 1260px)",
                  "srcSet": "https://images.unsplash.com/photo-1500530855697-b586d89ba3ee?ixlib=rb-0.3.5&q=80&fm=jpg&crop=entropy&cs=tinysrgb&w=1080&fit=max&ixid=eyJhcHBfaWQiOjIyNDUyfQ&s=b29adb2b9778dbc6782f49370e3e3bcf",
                },
                "ref": null,
                "rendered": null,
                "type": "source",
              },
              Object {
                "instance": null,
                "key": undefined,
                "nodeType": "host",
                "props": Object {
                  "alt": "A highway road through rocky cliffs at Valley of Fire State Park",
                  "className": "selected-image",
                  "onLoad": [Function],
                  "src": "https://images.unsplash.com/photo-1500530855697-b586d89ba3ee?ixlib=rb-0.3.5&q=85&fm=jpg&crop=entropy&cs=srgb&ixid=eyJhcHBfaWQiOjIyNDUyfQ&s=b09cf725577ce730f9f8323a6a17037d",
                },
                "ref": null,
                "rendered": null,
                "type": "img",
              },
            ],
            "type": "picture",
          },
          Object {
            "instance": null,
            "key": undefined,
            "nodeType": "host",
            "props": Object {
              "children": Array [
                <img
                  alt="@jakeblucker"
                  className="user-image"
                  src="https://images.unsplash.com/profile-1516312729390-1fb554b25f8b?ixlib=rb-0.3.5&q=80&fm=jpg&crop=faces&cs=tinysrgb&fit=crop&h=128&w=128&s=ead1dab7076e5e3eea6b696f2fc25580"
                />,
                <h2
                  className="fullname"
                >
                  Jake Blicker
                </h2>,
                <h3
                  className="username"
                >
                  @jakeblucker
                </h3>,
              ],
              "className": "user-wrapper",
              "href": "https://unsplash.com/@jakeblucker",
              "target": "_blank",
            },
            "ref": null,
            "rendered": Array [
              Object {
                "instance": null,
                "key": undefined,
                "nodeType": "host",
                "props": Object {
                  "alt": "@jakeblucker",
                  "className": "user-image",
                  "src": "https://images.unsplash.com/profile-1516312729390-1fb554b25f8b?ixlib=rb-0.3.5&q=80&fm=jpg&crop=faces&cs=tinysrgb&fit=crop&h=128&w=128&s=ead1dab7076e5e3eea6b696f2fc25580",
                },
                "ref": null,
                "rendered": null,
                "type": "img",
              },
              Object {
                "instance": null,
                "key": undefined,
                "nodeType": "host",
                "props": Object {
                  "children": "Jake Blicker",
                  "className": "fullname",
                },
                "ref": null,
                "rendered": "Jake Blicker",
                "type": "h2",
              },
              Object {
                "instance": null,
                "key": undefined,
                "nodeType": "host",
                "props": Object {
                  "children": "@jakeblucker",
                  "className": "username",
                },
                "ref": null,
                "rendered": "@jakeblucker",
                "type": "h3",
              },
            ],
            "type": "a",
          },
        ],
        "type": "div",
      },
      Object {
        "instance": null,
        "key": undefined,
        "nodeType": "host",
        "props": Object {
          "children": Array [
            <svg
              className="location-icon"
              height="20"
              viewBox="0 0 15 20"
              width="15"
            >
              <path
                d="M 7.5 0C 3.3125 0 0 3.3125 0 7.5C 0 12.875 5.375 18.3125 7 19.8125C 7.25 20.0625 7.6875 20.0625 7.9375 19.8125C 9.625 18.3125 15 12.875 15 7.5C 15 3.3125 11.6875 0 7.5 0ZM 7.5 11.25C 5.4375 11.25 3.75 9.5625 3.75 7.5C 3.75 5.4375 5.4375 3.75 7.5 3.75C 9.5625 3.75 11.25 5.4375 11.25 7.5C 11.25 9.5625 9.5625 11.25 7.5 11.25Z"
              />
            </svg>,
            <h4
              className="location"
            >
              None Listed
            </h4>,
          ],
          "className": "location-wrapper",
        },
        "ref": null,
        "rendered": Array [
          Object {
            "instance": null,
            "key": undefined,
            "nodeType": "host",
            "props": Object {
              "children": <path
                d="M 7.5 0C 3.3125 0 0 3.3125 0 7.5C 0 12.875 5.375 18.3125 7 19.8125C 7.25 20.0625 7.6875 20.0625 7.9375 19.8125C 9.625 18.3125 15 12.875 15 7.5C 15 3.3125 11.6875 0 7.5 0ZM 7.5 11.25C 5.4375 11.25 3.75 9.5625 3.75 7.5C 3.75 5.4375 5.4375 3.75 7.5 3.75C 9.5625 3.75 11.25 5.4375 11.25 7.5C 11.25 9.5625 9.5625 11.25 7.5 11.25Z"
              />,
              "className": "location-icon",
              "height": "20",
              "viewBox": "0 0 15 20",
              "width": "15",
            },
            "ref": null,
            "rendered": Object {
              "instance": null,
              "key": undefined,
              "nodeType": "host",
              "props": Object {
                "d": "M 7.5 0C 3.3125 0 0 3.3125 0 7.5C 0 12.875 5.375 18.3125 7 19.8125C 7.25 20.0625 7.6875 20.0625 7.9375 19.8125C 9.625 18.3125 15 12.875 15 7.5C 15 3.3125 11.6875 0 7.5 0ZM 7.5 11.25C 5.4375 11.25 3.75 9.5625 3.75 7.5C 3.75 5.4375 5.4375 3.75 7.5 3.75C 9.5625 3.75 11.25 5.4375 11.25 7.5C 11.25 9.5625 9.5625 11.25 7.5 11.25Z",
              },
              "ref": null,
              "rendered": null,
              "type": "path",
            },
            "type": "svg",
          },
          Object {
            "instance": null,
            "key": undefined,
            "nodeType": "host",
            "props": Object {
              "children": "None Listed",
              "className": "location",
            },
            "ref": null,
            "rendered": "None Listed",
            "type": "h4",
          },
        ],
        "type": "span",
      },
    ],
    "type": "div",
  },
  Symbol(enzyme.__nodes__): Array [
    Object {
      "instance": null,
      "key": undefined,
      "nodeType": "host",
      "props": Object {
        "children": Array [
          <svg
            className="close-icon"
            onClick={[Function]}
            viewBox="0 0 17.99 17.99"
          >
            <rect
              height="24.44"
              transform="translate(-3.73 8.99) rotate(-45)"
              width="1"
              x="8.5"
              y="-3.22"
            />
            <rect
              height="24.43"
              transform="translate(8.99 -3.73) rotate(45)"
              width="1"
              x="8.5"
              y="-3.21"
            />
          </svg>,
          <div
            className="wrapper"
          >
            <div
              className="loader"
            >
              <div />
              <div />
              <div />
              <div />
            </div>
            <picture>
              <source
                media="(max-width: 1260px)"
                srcSet="https://images.unsplash.com/photo-1500530855697-b586d89ba3ee?ixlib=rb-0.3.5&q=80&fm=jpg&crop=entropy&cs=tinysrgb&w=1080&fit=max&ixid=eyJhcHBfaWQiOjIyNDUyfQ&s=b29adb2b9778dbc6782f49370e3e3bcf"
              />
              <img
                alt="A highway road through rocky cliffs at Valley of Fire State Park"
                className="selected-image"
                onLoad={[Function]}
                src="https://images.unsplash.com/photo-1500530855697-b586d89ba3ee?ixlib=rb-0.3.5&q=85&fm=jpg&crop=entropy&cs=srgb&ixid=eyJhcHBfaWQiOjIyNDUyfQ&s=b09cf725577ce730f9f8323a6a17037d"
              />
            </picture>
            <a
              className="user-wrapper"
              href="https://unsplash.com/@jakeblucker"
              target="_blank"
            >
              <img
                alt="@jakeblucker"
                className="user-image"
                src="https://images.unsplash.com/profile-1516312729390-1fb554b25f8b?ixlib=rb-0.3.5&q=80&fm=jpg&crop=faces&cs=tinysrgb&fit=crop&h=128&w=128&s=ead1dab7076e5e3eea6b696f2fc25580"
              />
              <h2
                className="fullname"
              >
                Jake Blicker
              </h2>
              <h3
                className="username"
              >
                @jakeblucker
              </h3>
            </a>
          </div>,
          <span
            className="location-wrapper"
          >
            <svg
              className="location-icon"
              height="20"
              viewBox="0 0 15 20"
              width="15"
            >
              <path
                d="M 7.5 0C 3.3125 0 0 3.3125 0 7.5C 0 12.875 5.375 18.3125 7 19.8125C 7.25 20.0625 7.6875 20.0625 7.9375 19.8125C 9.625 18.3125 15 12.875 15 7.5C 15 3.3125 11.6875 0 7.5 0ZM 7.5 11.25C 5.4375 11.25 3.75 9.5625 3.75 7.5C 3.75 5.4375 5.4375 3.75 7.5 3.75C 9.5625 3.75 11.25 5.4375 11.25 7.5C 11.25 9.5625 9.5625 11.25 7.5 11.25Z"
              />
            </svg>
            <h4
              className="location"
            >
              None Listed
            </h4>
          </span>,
        ],
        "className": "Details",
      },
      "ref": null,
      "rendered": Array [
        Object {
          "instance": null,
          "key": undefined,
          "nodeType": "host",
          "props": Object {
            "children": Array [
              <rect
                height="24.44"
                transform="translate(-3.73 8.99) rotate(-45)"
                width="1"
                x="8.5"
                y="-3.22"
              />,
              <rect
                height="24.43"
                transform="translate(8.99 -3.73) rotate(45)"
                width="1"
                x="8.5"
                y="-3.21"
              />,
            ],
            "className": "close-icon",
            "onClick": [Function],
            "viewBox": "0 0 17.99 17.99",
          },
          "ref": null,
          "rendered": Array [
            Object {
              "instance": null,
              "key": undefined,
              "nodeType": "host",
              "props": Object {
                "height": "24.44",
                "transform": "translate(-3.73 8.99) rotate(-45)",
                "width": "1",
                "x": "8.5",
                "y": "-3.22",
              },
              "ref": null,
              "rendered": null,
              "type": "rect",
            },
            Object {
              "instance": null,
              "key": undefined,
              "nodeType": "host",
              "props": Object {
                "height": "24.43",
                "transform": "translate(8.99 -3.73) rotate(45)",
                "width": "1",
                "x": "8.5",
                "y": "-3.21",
              },
              "ref": null,
              "rendered": null,
              "type": "rect",
            },
          ],
          "type": "svg",
        },
        Object {
          "instance": null,
          "key": undefined,
          "nodeType": "host",
          "props": Object {
            "children": Array [
              <div
                className="loader"
              >
                <div />
                <div />
                <div />
                <div />
              </div>,
              <picture>
                <source
                  media="(max-width: 1260px)"
                  srcSet="https://images.unsplash.com/photo-1500530855697-b586d89ba3ee?ixlib=rb-0.3.5&q=80&fm=jpg&crop=entropy&cs=tinysrgb&w=1080&fit=max&ixid=eyJhcHBfaWQiOjIyNDUyfQ&s=b29adb2b9778dbc6782f49370e3e3bcf"
                />
                <img
                  alt="A highway road through rocky cliffs at Valley of Fire State Park"
                  className="selected-image"
                  onLoad={[Function]}
                  src="https://images.unsplash.com/photo-1500530855697-b586d89ba3ee?ixlib=rb-0.3.5&q=85&fm=jpg&crop=entropy&cs=srgb&ixid=eyJhcHBfaWQiOjIyNDUyfQ&s=b09cf725577ce730f9f8323a6a17037d"
                />
              </picture>,
              <a
                className="user-wrapper"
                href="https://unsplash.com/@jakeblucker"
                target="_blank"
              >
                <img
                  alt="@jakeblucker"
                  className="user-image"
                  src="https://images.unsplash.com/profile-1516312729390-1fb554b25f8b?ixlib=rb-0.3.5&q=80&fm=jpg&crop=faces&cs=tinysrgb&fit=crop&h=128&w=128&s=ead1dab7076e5e3eea6b696f2fc25580"
                />
                <h2
                  className="fullname"
                >
                  Jake Blicker
                </h2>
                <h3
                  className="username"
                >
                  @jakeblucker
                </h3>
              </a>,
            ],
            "className": "wrapper",
          },
          "ref": null,
          "rendered": Array [
            Object {
              "instance": null,
              "key": undefined,
              "nodeType": "host",
              "props": Object {
                "children": Array [
                  <div />,
                  <div />,
                  <div />,
                  <div />,
                ],
                "className": "loader",
              },
              "ref": null,
              "rendered": Array [
                Object {
                  "instance": null,
                  "key": undefined,
                  "nodeType": "host",
                  "props": Object {},
                  "ref": null,
                  "rendered": null,
                  "type": "div",
                },
                Object {
                  "instance": null,
                  "key": undefined,
                  "nodeType": "host",
                  "props": Object {},
                  "ref": null,
                  "rendered": null,
                  "type": "div",
                },
                Object {
                  "instance": null,
                  "key": undefined,
                  "nodeType": "host",
                  "props": Object {},
                  "ref": null,
                  "rendered": null,
                  "type": "div",
                },
                Object {
                  "instance": null,
                  "key": undefined,
                  "nodeType": "host",
                  "props": Object {},
                  "ref": null,
                  "rendered": null,
                  "type": "div",
                },
              ],
              "type": "div",
            },
            Object {
              "instance": null,
              "key": undefined,
              "nodeType": "host",
              "props": Object {
                "children": Array [
                  <source
                    media="(max-width: 1260px)"
                    srcSet="https://images.unsplash.com/photo-1500530855697-b586d89ba3ee?ixlib=rb-0.3.5&q=80&fm=jpg&crop=entropy&cs=tinysrgb&w=1080&fit=max&ixid=eyJhcHBfaWQiOjIyNDUyfQ&s=b29adb2b9778dbc6782f49370e3e3bcf"
                  />,
                  <img
                    alt="A highway road through rocky cliffs at Valley of Fire State Park"
                    className="selected-image"
                    onLoad={[Function]}
                    src="https://images.unsplash.com/photo-1500530855697-b586d89ba3ee?ixlib=rb-0.3.5&q=85&fm=jpg&crop=entropy&cs=srgb&ixid=eyJhcHBfaWQiOjIyNDUyfQ&s=b09cf725577ce730f9f8323a6a17037d"
                  />,
                ],
              },
              "ref": null,
              "rendered": Array [
                Object {
                  "instance": null,
                  "key": undefined,
                  "nodeType": "host",
                  "props": Object {
                    "media": "(max-width: 1260px)",
                    "srcSet": "https://images.unsplash.com/photo-1500530855697-b586d89ba3ee?ixlib=rb-0.3.5&q=80&fm=jpg&crop=entropy&cs=tinysrgb&w=1080&fit=max&ixid=eyJhcHBfaWQiOjIyNDUyfQ&s=b29adb2b9778dbc6782f49370e3e3bcf",
                  },
                  "ref": null,
                  "rendered": null,
                  "type": "source",
                },
                Object {
                  "instance": null,
                  "key": undefined,
                  "nodeType": "host",
                  "props": Object {
                    "alt": "A highway road through rocky cliffs at Valley of Fire State Park",
                    "className": "selected-image",
                    "onLoad": [Function],
                    "src": "https://images.unsplash.com/photo-1500530855697-b586d89ba3ee?ixlib=rb-0.3.5&q=85&fm=jpg&crop=entropy&cs=srgb&ixid=eyJhcHBfaWQiOjIyNDUyfQ&s=b09cf725577ce730f9f8323a6a17037d",
                  },
                  "ref": null,
                  "rendered": null,
                  "type": "img",
                },
              ],
              "type": "picture",
            },
            Object {
              "instance": null,
              "key": undefined,
              "nodeType": "host",
              "props": Object {
                "children": Array [
                  <img
                    alt="@jakeblucker"
                    className="user-image"
                    src="https://images.unsplash.com/profile-1516312729390-1fb554b25f8b?ixlib=rb-0.3.5&q=80&fm=jpg&crop=faces&cs=tinysrgb&fit=crop&h=128&w=128&s=ead1dab7076e5e3eea6b696f2fc25580"
                  />,
                  <h2
                    className="fullname"
                  >
                    Jake Blicker
                  </h2>,
                  <h3
                    className="username"
                  >
                    @jakeblucker
                  </h3>,
                ],
                "className": "user-wrapper",
                "href": "https://unsplash.com/@jakeblucker",
                "target": "_blank",
              },
              "ref": null,
              "rendered": Array [
                Object {
                  "instance": null,
                  "key": undefined,
                  "nodeType": "host",
                  "props": Object {
                    "alt": "@jakeblucker",
                    "className": "user-image",
                    "src": "https://images.unsplash.com/profile-1516312729390-1fb554b25f8b?ixlib=rb-0.3.5&q=80&fm=jpg&crop=faces&cs=tinysrgb&fit=crop&h=128&w=128&s=ead1dab7076e5e3eea6b696f2fc25580",
                  },
                  "ref": null,
                  "rendered": null,
                  "type": "img",
                },
                Object {
                  "instance": null,
                  "key": undefined,
                  "nodeType": "host",
                  "props": Object {
                    "children": "Jake Blicker",
                    "className": "fullname",
                  },
                  "ref": null,
                  "rendered": "Jake Blicker",
                  "type": "h2",
                },
                Object {
                  "instance": null,
                  "key": undefined,
                  "nodeType": "host",
                  "props": Object {
                    "children": "@jakeblucker",
                    "className": "username",
                  },
                  "ref": null,
                  "rendered": "@jakeblucker",
                  "type": "h3",
                },
              ],
              "type": "a",
            },
          ],
          "type": "div",
        },
        Object {
          "instance": null,
          "key": undefined,
          "nodeType": "host",
          "props": Object {
            "children": Array [
              <svg
                className="location-icon"
                height="20"
                viewBox="0 0 15 20"
                width="15"
              >
                <path
                  d="M 7.5 0C 3.3125 0 0 3.3125 0 7.5C 0 12.875 5.375 18.3125 7 19.8125C 7.25 20.0625 7.6875 20.0625 7.9375 19.8125C 9.625 18.3125 15 12.875 15 7.5C 15 3.3125 11.6875 0 7.5 0ZM 7.5 11.25C 5.4375 11.25 3.75 9.5625 3.75 7.5C 3.75 5.4375 5.4375 3.75 7.5 3.75C 9.5625 3.75 11.25 5.4375 11.25 7.5C 11.25 9.5625 9.5625 11.25 7.5 11.25Z"
                />
              </svg>,
              <h4
                className="location"
              >
                None Listed
              </h4>,
            ],
            "className": "location-wrapper",
          },
          "ref": null,
          "rendered": Array [
            Object {
              "instance": null,
              "key": undefined,
              "nodeType": "host",
              "props": Object {
                "children": <path
                  d="M 7.5 0C 3.3125 0 0 3.3125 0 7.5C 0 12.875 5.375 18.3125 7 19.8125C 7.25 20.0625 7.6875 20.0625 7.9375 19.8125C 9.625 18.3125 15 12.875 15 7.5C 15 3.3125 11.6875 0 7.5 0ZM 7.5 11.25C 5.4375 11.25 3.75 9.5625 3.75 7.5C 3.75 5.4375 5.4375 3.75 7.5 3.75C 9.5625 3.75 11.25 5.4375 11.25 7.5C 11.25 9.5625 9.5625 11.25 7.5 11.25Z"
                />,
                "className": "location-icon",
                "height": "20",
                "viewBox": "0 0 15 20",
                "width": "15",
              },
              "ref": null,
              "rendered": Object {
                "instance": null,
                "key": undefined,
                "nodeType": "host",
                "props": Object {
                  "d": "M 7.5 0C 3.3125 0 0 3.3125 0 7.5C 0 12.875 5.375 18.3125 7 19.8125C 7.25 20.0625 7.6875 20.0625 7.9375 19.8125C 9.625 18.3125 15 12.875 15 7.5C 15 3.3125 11.6875 0 7.5 0ZM 7.5 11.25C 5.4375 11.25 3.75 9.5625 3.75 7.5C 3.75 5.4375 5.4375 3.75 7.5 3.75C 9.5625 3.75 11.25 5.4375 11.25 7.5C 11.25 9.5625 9.5625 11.25 7.5 11.25Z",
                },
                "ref": null,
                "rendered": null,
                "type": "path",
              },
              "type": "svg",
            },
            Object {
              "instance": null,
              "key": undefined,
              "nodeType": "host",
              "props": Object {
                "children": "None Listed",
                "className": "location",
              },
              "ref": null,
              "rendered": "None Listed",
              "type": "h4",
            },
          ],
          "type": "span",
        },
      ],
      "type": "div",
    },
  ],
  Symbol(enzyme.__options__): Object {
    "adapter": ReactSixteenAdapter {
      "options": Object {
        "enableComponentDidUpdateOnSetState": true,
      },
    },
  },
}
`;
